903:32085532:d=2021031622:PRES:surface:1 hour fcst:
904:32135313:d=2021031622:HGT:surface:1 hour fcst:
928:34236908:d=2021031622:TMP:2 m above ground:1 hour fcst:
929:34308065:d=2021031622:SPFH:2 m above ground:1 hour fcst:
931.1:34423580:d=2021031622:UGRD:10 m above ground:1 hour fcst:
931.2:34423580:d=2021031622:VGRD:10 m above ground:1 hour fcst:
933:34561788:d=2021031622:APCP:surface:0-1 hour acc fcst:
948:35113634:d=2021031622:DSWRF:surface:1 hour fcst:
949:35247943:d=2021031622:DLWRF:surface:1 hour fcst:
62:36078154:d=2021031622:PRES:surface:1 hour fcst:
63:37583480:d=2021031622:HGT:surface:1 hour fcst:
71:43580526:d=2021031622:TMP:2 m above ground:1 hour fcst:
73:45804811:d=2021031622:SPFH:2 m above ground:1 hour fcst:
77:50139605:d=2021031622:UGRD:10 m above ground:1 hour fcst:
78:52521220:d=2021031622:VGRD:10 m above ground:1 hour fcst:
84:58587557:d=2021031622:APCP:surface:0-1 hour acc fcst:
123:89402585:d=2021031622:DSWRF:surface:1 hour fcst:
124:91579859:d=2021031622:DLWRF:surface:1 hour fcst:
903:32086214:d=2021031623:PRES:surface:1 hour fcst:
904:32135977:d=2021031623:HGT:surface:1 hour fcst:
928:34231711:d=2021031623:TMP:2 m above ground:1 hour fcst:
929:34303347:d=2021031623:SPFH:2 m above ground:1 hour fcst:
931.1:34419078:d=2021031623:UGRD:10 m above ground:1 hour fcst:
931.2:34419078:d=2021031623:VGRD:10 m above ground:1 hour fcst:
933:34558630:d=2021031623:APCP:surface:0-1 hour acc fcst:
948:35094628:d=2021031623:DSWRF:surface:1 hour fcst:
949:35188852:d=2021031623:DLWRF:surface:1 hour fcst:
62:35342618:d=2021031623:PRES:surface:1 hour fcst:
63:36850688:d=2021031623:HGT:surface:1 hour fcst:
71:42823675:d=2021031623:TMP:2 m above ground:1 hour fcst:
73:45066317:d=2021031623:SPFH:2 m above ground:1 hour fcst:
77:49387552:d=2021031623:UGRD:10 m above ground:1 hour fcst:
78:51769167:d=2021031623:VGRD:10 m above ground:1 hour fcst:
84:57795881:d=2021031623:APCP:surface:0-1 hour acc fcst:
123:88347091:d=2021031623:DSWRF:surface:1 hour fcst:
124:89865258:d=2021031623:DLWRF:surface:1 hour fcst:
903:32216227:d=2021031700:PRES:surface:1 hour fcst:
904:32265965:d=2021031700:HGT:surface:1 hour fcst:
928:34362529:d=2021031700:TMP:2 m above ground:1 hour fcst:
929:34434652:d=2021031700:SPFH:2 m above ground:1 hour fcst:
931.1:34556976:d=2021031700:UGRD:10 m above ground:1 hour fcst:
931.2:34556976:d=2021031700:VGRD:10 m above ground:1 hour fcst:
933:34697892:d=2021031700:APCP:surface:0-1 hour acc fcst:
948:35218463:d=2021031700:DSWRF:surface:1 hour fcst:
949:35275882:d=2021031700:DLWRF:surface:1 hour fcst:
62:35562262:d=2021031700:PRES:surface:1 hour fcst:
63:37070281:d=2021031700:HGT:surface:1 hour fcst:
71:43422201:d=2021031700:TMP:2 m above ground:1 hour fcst:
73:45731620:d=2021031700:SPFH:2 m above ground:1 hour fcst:
77:50161129:d=2021031700:UGRD:10 m above ground:1 hour fcst:
78:52542744:d=2021031700:VGRD:10 m above ground:1 hour fcst:
84:58620738:d=2021031700:APCP:surface:0-1 hour acc fcst:
123:88900714:d=2021031700:DSWRF:surface:1 hour fcst:
124:89777616:d=2021031700:DLWRF:surface:1 hour fcst:
command: $WGRIB2 -match "(:TMP:2 m above ground:1 hour fcst:|:SPFH:2 m above ground:1 hour fcst:|:UGRD:10 m above ground:1 hour fcst:|:VGRD:10 m above ground:1 hour fcst:|:APCP:surface:0-1 hour acc fcst:|:DSWRF:surface:1 hour fcst:|:DLWRF:surface:1 hour fcst:|:PRES:surface:1 hour fcst:|:(HGT):(surface):)" /glade/scratch/zhangyx/ForcingEngine/Forcing_Inputs/RAP_Conus/rap.20210316/rap.t22z.awp130bgrbf01.grib2 -netcdf /glade/scratch/bpetzke/ForcingEngine/Test/ExtAnA/RAP_CONUS_TMP-1.nc
command: $WGRIB2 -match "(:TMP:2 m above ground:1 hour fcst:|:SPFH:2 m above ground:1 hour fcst:|:UGRD:10 m above ground:1 hour fcst:|:VGRD:10 m above ground:1 hour fcst:|:APCP:surface:0-1 hour acc fcst:|:DSWRF:surface:1 hour fcst:|:DLWRF:surface:1 hour fcst:|:PRES:surface:1 hour fcst:|:(HGT):(surface):)" /glade/scratch/zhangyx/ForcingEngine/Forcing_Inputs/HRRR_Conus/hrrr.20210316/hrrr.t22z.wrfsfcf01.grib2 -netcdf /glade/scratch/bpetzke/ForcingEngine/Test/ExtAnA/HRRR_CONUS_TMP-2.nc
command: $WGRIB2 -match "(:TMP:2 m above ground:1 hour fcst:|:SPFH:2 m above ground:1 hour fcst:|:UGRD:10 m above ground:1 hour fcst:|:VGRD:10 m above ground:1 hour fcst:|:APCP:surface:0-1 hour acc fcst:|:DSWRF:surface:1 hour fcst:|:DLWRF:surface:1 hour fcst:|:PRES:surface:1 hour fcst:|:(HGT):(surface):)" /glade/scratch/zhangyx/ForcingEngine/Forcing_Inputs/RAP_Conus/rap.20210316/rap.t23z.awp130bgrbf01.grib2 -netcdf /glade/scratch/bpetzke/ForcingEngine/Test/ExtAnA/RAP_CONUS_TMP-3.nc
command: $WGRIB2 -match "(:TMP:2 m above ground:1 hour fcst:|:SPFH:2 m above ground:1 hour fcst:|:UGRD:10 m above ground:1 hour fcst:|:VGRD:10 m above ground:1 hour fcst:|:APCP:surface:0-1 hour acc fcst:|:DSWRF:surface:1 hour fcst:|:DLWRF:surface:1 hour fcst:|:PRES:surface:1 hour fcst:|:(HGT):(surface):)" /glade/scratch/zhangyx/ForcingEngine/Forcing_Inputs/HRRR_Conus/hrrr.20210316/hrrr.t23z.wrfsfcf01.grib2 -netcdf /glade/scratch/bpetzke/ForcingEngine/Test/ExtAnA/HRRR_CONUS_TMP-4.nc
command: $WGRIB2 -match "(:TMP:2 m above ground:1 hour fcst:|:SPFH:2 m above ground:1 hour fcst:|:UGRD:10 m above ground:1 hour fcst:|:VGRD:10 m above ground:1 hour fcst:|:APCP:surface:0-1 hour acc fcst:|:DSWRF:surface:1 hour fcst:|:DLWRF:surface:1 hour fcst:|:PRES:surface:1 hour fcst:|:(HGT):(surface):)" /glade/scratch/zhangyx/ForcingEngine/Forcing_Inputs/RAP_Conus/rap.20210317/rap.t00z.awp130bgrbf01.grib2 -netcdf /glade/scratch/bpetzke/ForcingEngine/Test/ExtAnA/RAP_CONUS_TMP-5.nc
command: $WGRIB2 -match "(:TMP:2 m above ground:1 hour fcst:|:SPFH:2 m above ground:1 hour fcst:|:UGRD:10 m above ground:1 hour fcst:|:VGRD:10 m above ground:1 hour fcst:|:APCP:surface:0-1 hour acc fcst:|:DSWRF:surface:1 hour fcst:|:DLWRF:surface:1 hour fcst:|:PRES:surface:1 hour fcst:|:(HGT):(surface):)" /glade/scratch/zhangyx/ForcingEngine/Forcing_Inputs/HRRR_Conus/hrrr.20210317/hrrr.t00z.wrfsfcf01.grib2 -netcdf /glade/scratch/bpetzke/ForcingEngine/Test/ExtAnA/HRRR_CONUS_TMP-6.nc
